total 4984
-rw-r--r-- 1 jiwon jiwon  35029  9월  7  2011 aclocal.m4
-rw-r--r-- 1 jiwon jiwon    618  9월  7  2011 AUTHORS
-rw-r--r-- 1 jiwon jiwon  28657  9월  7  2011 auto_comp.c
-rw-r--r-- 1 jiwon jiwon   1124  9월  7  2011 auto_comp.h
-rw-r--r-- 1 jiwon jiwon    113  9월  7  2011 ChangeLog
-rw-r--r-- 1 jiwon jiwon  12165  9월  7  2011 config.h
-rw-r--r-- 1 jiwon jiwon  11491  9월  7  2011 config.h.in
-rw-rw-r-- 1 jiwon jiwon 174880  1월 12 19:32 config.log
-rwxrwxr-x 1 jiwon jiwon  35859  1월 12 19:32 config.status
-rwxr-xr-x 1 jiwon jiwon 258050  9월  7  2011 configure
-rw-r--r-- 1 jiwon jiwon  13632  9월  7  2011 configure.ac
-rw-r--r-- 1 jiwon jiwon    298  9월  7  2011 COPYING
-rwxr-xr-x 1 jiwon jiwon  18615  2월  2  2010 depcomp
-rw-r--r-- 1 jiwon jiwon   5295  9월  7  2011 eventgen.c
-rw-r--r-- 1 jiwon jiwon   1241  9월  7  2011 eventgen.h
-rw-rw-r-- 1 jiwon jiwon  37240  1월 14 12:03 eventgen.o
-rw-r--r-- 1 jiwon jiwon  27917  9월  7  2011 fb_avl.c
-rw-r--r-- 1 jiwon jiwon  12495  9월  7  2011 fb_avl.h
-rw-rw-r-- 1 jiwon jiwon  37240  1월 14 12:04 fb_avl.o
-rw-r--r-- 1 jiwon jiwon  17448  1월 12 20:17 fb_localfs.c
-rw-rw-r-- 1 jiwon jiwon  62680  1월 14 12:04 fb_localfs.o
-rw-r--r-- 1 jiwon jiwon   9893  9월  7  2011 fb_random.c
-rw-r--r-- 1 jiwon jiwon   2993  9월  7  2011 fb_random.h
-rw-rw-r-- 1 jiwon jiwon  47888  1월 14 12:04 fb_random.o
-rwxrwxr-x 1 jiwon jiwon 762004  1월 14 15:23 filebench
-rw-r--r-- 1 jiwon jiwon   4664  1월 12 14:41 filebench.h
-rw-r--r-- 1 jiwon jiwon  55242  9월  7  2011 fileset.c
-rw-r--r-- 1 jiwon jiwon   6833  1월 12 17:36 fileset.h
-rw-rw-r-- 1 jiwon jiwon 128616  1월 14 12:04 fileset.o
-rw-r--r-- 1 jiwon jiwon    380  9월  7  2011 flag.h
-rw-r--r-- 1 jiwon jiwon  35949  1월 14 11:43 flowop.c
-rw-r--r-- 1 jiwon jiwon   6079  9월  7  2011 flowop.h
-rw-r--r-- 1 jiwon jiwon  86772  1월 14 15:46 flowop_library.c
-rw-rw-r-- 1 jiwon jiwon 170944  1월 14 15:23 flowop_library.o
-rw-rw-r-- 1 jiwon jiwon  81272  1월 14 12:04 flowop.o
-rw-r--r-- 1 jiwon jiwon   4985  1월 12 20:18 fsplug.h
-rw-r--r-- 1 jiwon jiwon   3163  9월  7  2011 gamma_dist.c
-rw-r--r-- 1 jiwon jiwon   1220  9월  7  2011 gamma_dist.h
-rw-rw-r-- 1 jiwon jiwon  10304  1월 14 12:03 gamma_dist.o
-rw-r--r-- 1 jiwon jiwon   9498  9월  7  2011 INSTALL
-rwxr-xr-x 1 jiwon jiwon  13663  2월  2  2010 install-sh
-rw-r--r-- 1 jiwon jiwon    980  9월  7  2011 ioprio.c
-rw-r--r-- 1 jiwon jiwon    241  9월  7  2011 ioprio.h
-rw-rw-r-- 1 jiwon jiwon  26416  1월 14 12:03 ioprio.o
-rw-r--r-- 1 jiwon jiwon  24217  9월  7  2011 ipc.c
-rw-r--r-- 1 jiwon jiwon   8355  9월  7  2011 ipc.h
-rw-rw-r-- 1 jiwon jiwon  76408  1월 14 12:03 ipc.o
-rw-r--r-- 1 jiwon jiwon  18600  9월  7  2011 LICENSE
-rw-rw-r-- 1 jiwon jiwon  28283  1월 12 19:32 Makefile
-rw-r--r-- 1 jiwon jiwon    950  9월  7  2011 Makefile.am
-rw-r--r-- 1 jiwon jiwon  29115  9월  7  2011 Makefile.in
-rw-rw-r-- 1 jiwon jiwon      0  1월 14 17:32 make.log
-rw-r--r-- 1 jiwon jiwon  12338  9월  7  2011 misc.c
-rw-r--r-- 1 jiwon jiwon   1756  9월  7  2011 misc.h
-rw-rw-r-- 1 jiwon jiwon  58216  1월 14 12:03 misc.o
-rwxr-xr-x 1 jiwon jiwon  11419  2월  2  2010 missing
-rwxrwxr-x 1 jiwon jiwon 761372  1월 12 19:19 mmap_filebench
-rw-r--r-- 1 jiwon jiwon   3378  9월  7  2011 multi_client_sync.c
-rw-r--r-- 1 jiwon jiwon   1258  9월  7  2011 multi_client_sync.h
-rw-rw-r-- 1 jiwon jiwon   5728  1월 14 12:03 multi_client_sync.o
-rw-r--r-- 1 jiwon jiwon   1479  9월  7  2011 NEWS
-rw-r--r-- 1 jiwon jiwon 212312  9월  7  2011 parser_gram.c
-rw-r--r-- 1 jiwon jiwon   8627  9월  7  2011 parser_gram.h
-rw-rw-r-- 1 jiwon jiwon 361144  1월 14 12:04 parser_gram.o
-rw-r--r-- 1 jiwon jiwon 114199  9월  7  2011 parser_gram.y
-rw-r--r-- 1 jiwon jiwon 106817  9월  7  2011 parser_lex.c
-rw-r--r-- 1 jiwon jiwon  10959  9월  7  2011 parser_lex.l
-rw-rw-r-- 1 jiwon jiwon 103968  1월 14 12:03 parser_lex.o
-rw-r--r-- 1 jiwon jiwon   1928  9월  7  2011 parsertypes.h
-rw-r--r-- 1 jiwon jiwon   3449  9월  7  2011 posset.c
-rw-r--r-- 1 jiwon jiwon    733  9월  7  2011 posset.h
-rw-rw-r-- 1 jiwon jiwon  38448  1월 14 12:03 posset.o
-rw-r--r-- 1 jiwon jiwon  21458  9월  7  2011 procflow.c
-rw-r--r-- 1 jiwon jiwon   1590  9월  7  2011 procflow.h
-rw-rw-r-- 1 jiwon jiwon  69552  1월 14 12:03 procflow.o
-rw-r--r-- 1 jiwon jiwon   2862  9월  7  2011 README
-rw-rw-r-- 1 jiwon jiwon     23  1월 12 19:32 stamp-h1
-rw-r--r-- 1 jiwon jiwon  27242  9월  7  2011 stats.c
-rw-r--r-- 1 jiwon jiwon   2839  9월  7  2011 stats.h
-rw-rw-r-- 1 jiwon jiwon  78296  1월 14 12:03 stats.o
-rw-rw-r-- 1 jiwon jiwon 174180  1월 12 15:06 tags
-rw-r--r-- 1 jiwon jiwon  13283  9월  7  2011 threadflow.c
-rw-r--r-- 1 jiwon jiwon   3248  1월 12 17:35 threadflow.h
-rw-rw-r-- 1 jiwon jiwon  51992  1월 14 12:03 threadflow.o
-rw-r--r-- 1 jiwon jiwon   2979  9월  7  2011 TODO
-rw-r--r-- 1 jiwon jiwon   2972  9월  7  2011 utils.c
-rw-r--r-- 1 jiwon jiwon   1355  9월  7  2011 utils.h
-rw-rw-r-- 1 jiwon jiwon   8256  1월 14 12:03 utils.o
-rw-r--r-- 1 jiwon jiwon  43006  9월  7  2011 vars.c
-rw-r--r-- 1 jiwon jiwon   8965  9월  7  2011 vars.h
-rw-rw-r-- 1 jiwon jiwon 105936  1월 14 12:04 vars.o
drwxr-xr-x 2 jiwon jiwon   4096  1월 14 17:20 workloads
-rwxr-xr-x 1 jiwon jiwon   6179  2월  2  2010 ylwrap
